// Jest Snapshot v1, https://goo.gl/fbAQLP

exports[`ErrorMsg Tests should match snapshot 1`] = `
<p>
  this is an error
</p>
`;
